// Jest Snapshot v1, https://goo.gl/fbAQLP

exports[`Zero Config > should run #0 1`] = `
"Command failed: node <PROJECT_ROOT>/lib/cli
ValidationError: config-loader

  Options Validation Error

  options['batman']  is an invalid additional property

    at validate (<PROJECT_ROOT>/node_modules/@webpack-contrib/schema-utils/dist/validate-options.js:87:15)
    at validator (<PROJECT_ROOT>/node_modules/@webpack-contrib/schema-utils/dist/validate-options.js:118:10)
    at resolve.then (<PROJECT_ROOT>/node_modules/@webpack-contrib/config-loader/lib/index.js:16:7)
    at <anonymous>
    at process._tickCallback (internal/process/next_tick.js:188:7)
    at Function.Module.runMain (module.js:684:11)
    at startup (bootstrap_node.js:191:16)
    at bootstrap_node.js:613:3

"
`;
