// Jest Snapshot v1, https://goo.gl/fbAQLP

exports[`Flags > --devtool > should apply #0 1`] = `
Object {
  "devtool": "cheap-source-map",
  "entry": "<PROJECT_ROOT>/test/fixtures/common/entry-a.js",
  "mode": "development",
  "plugins": Array [
    NamedModulesPlugin {
      "options": Object {},
    },
  ],
  "reporter": "<PROJECT_ROOT>/test/fixtures/common/test-reporter.js",
}
`;

exports[`Flags > --devtool > should build #0 1`] = `
"Version: webpack 4.6.0
      Asset      Size  Chunks             Chunk Names
    main.js  2.92 KiB    main  [emitted]  main
main.js.map  2.64 KiB    main  [emitted]  main
Entrypoint main = main.js main.js.map
[./test/fixtures/common/entry-a.js] 41 bytes {main} [built]"
`;

exports[`Flags > --devtool > should build #1 1`] = `"f349b18e"`;

exports[`Flags > --devtool > should build #2 1`] = `"195aef37"`;
