// Jest Snapshot v1, https://goo.gl/fbAQLP

exports[`Flags > --plugin > should apply #0 1`] = `
Object {
  "entry": "<PROJECT_ROOT>/test/fixtures/common/entry-a.js",
  "mode": "development",
  "plugins": Array [
    UglifyJsPlugin {
      "options": Object {
        "cache": false,
        "exclude": undefined,
        "extractComments": false,
        "include": undefined,
        "parallel": false,
        "sourceMap": false,
        "test": /\\\\\\.js\\(\\\\\\?\\.\\*\\)\\?\\$/i,
        "uglifyOptions": Object {
          "compress": Object {
            "inline": 1,
          },
          "output": Object {
            "comments": /\\^\\\\\\*\\*!\\|@preserve\\|@license\\|@cc_on/,
          },
        },
        "warningsFilter": [Function],
      },
    },
    NamedModulesPlugin {
      "options": Object {},
    },
  ],
  "reporter": "<PROJECT_ROOT>/test/fixtures/common/test-reporter.js",
}
`;

exports[`Flags > --plugin > should build #0 1`] = `
"Version: webpack 4.12.1
  Asset      Size  Chunks             Chunk Names
main.js  1.27 KiB    main  [emitted]  main
Entrypoint main = main.js
[./test/fixtures/common/entry-a.js] 41 bytes {main} [built]"
`;

exports[`Flags > --plugin > should build #1 1`] = `"406b140a"`;
