// Jest Snapshot v1, https://goo.gl/fbAQLP

exports[`Flags > --target > should apply #0 1`] = `
Object {
  "entry": "<PROJECT_ROOT>/test/fixtures/common/entry-a.js",
  "mode": "development",
  "plugins": Array [
    NamedModulesPlugin {
      "options": Object {},
    },
  ],
  "reporter": "<PROJECT_ROOT>/test/fixtures/common/test-reporter.js",
  "target": "node",
}
`;

exports[`Flags > --target > should build #0 1`] = `
"Version: webpack 4.3.0
  Asset      Size  Chunks             Chunk Names
main.js  3.17 KiB    main  [emitted]  main
Entrypoint main = main.js
[./test/fixtures/common/entry-a.js] 41 bytes {main} [built]"
`;

exports[`Flags > --target > should build #1 1`] = `"9c6bcbff"`;
